[0m23:02:50.614579 [debug] [MainThread]: Sending event: {'category': 'dbt', 'action': 'invocation', 'label': 'start', 'context': [<snowplow_tracker.self_describing_json.SelfDescribingJson object at 0x000001D60F0D3550>, <snowplow_tracker.self_describing_json.SelfDescribingJson object at 0x000001D60F1085D0>, <snowplow_tracker.self_describing_json.SelfDescribingJson object at 0x000001D60F109B10>]}


============================== 23:02:50.620255 | 5f0b0383-c947-43d1-b5d4-427b929943f4 ==============================
[0m23:02:50.620255 [info ] [MainThread]: Running with dbt=1.11.8
[0m23:02:50.621182 [debug] [MainThread]: running dbt with arguments {'printer_width': '80', 'indirect_selection': 'eager', 'log_cache_events': 'False', 'write_json': 'True', 'partial_parse': 'True', 'cache_selected_only': 'False', 'profiles_dir': 'C:\\Users\\maste\\.dbt', 'debug': 'False', 'version_check': 'True', 'log_path': 'logs', 'warn_error': 'None', 'fail_fast': 'False', 'use_colors': 'True', 'use_experimental_parser': 'False', 'no_print': 'None', 'quiet': 'False', 'empty': 'None', 'warn_error_options': 'WarnErrorOptionsV2(error=[], warn=[], silence=[])', 'introspect': 'True', 'static_parser': 'True', 'invocation_command': 'dbt init', 'target_path': 'None', 'log_format': 'default', 'send_anonymous_usage_stats': 'True'}
[0m23:02:57.952345 [debug] [MainThread]: Starter project path: C:\Users\maste\AppData\Local\Programs\Python\Python311\Lib\site-packages\dbt\include\starter_project
[0m23:02:58.020529 [info ] [MainThread]: 
Your new dbt project "blushmetrics_dbt" was created!

For more information on how to configure the profiles.yml file,
please consult the dbt documentation here:

  https://docs.getdbt.com/docs/configure-your-profile

One more thing:

Need help? Don't hesitate to reach out to us via GitHub issues or on Slack:

  https://community.getdbt.com/

Happy modeling!

[0m23:02:58.021531 [info ] [MainThread]: Setting up your profile.
[0m23:07:53.246633 [error] [MainThread]: Encountered an error:

[0m23:07:53.302897 [error] [MainThread]: Traceback (most recent call last):
  File "C:\Users\maste\AppData\Local\Programs\Python\Python311\Lib\site-packages\dbt\cli\requires.py", line 182, in wrapper
    result, success = func(*args, **kwargs)
                      ^^^^^^^^^^^^^^^^^^^^^
  File "C:\Users\maste\AppData\Local\Programs\Python\Python311\Lib\site-packages\dbt\cli\requires.py", line 128, in wrapper
    return func(*args, **kwargs)
           ^^^^^^^^^^^^^^^^^^^^^
  File "C:\Users\maste\AppData\Local\Programs\Python\Python311\Lib\site-packages\dbt\cli\main.py", line 488, in init
    results = task.run()
              ^^^^^^^^^^
  File "C:\Users\maste\AppData\Local\Programs\Python\Python311\Lib\site-packages\dbt\task\init.py", line 346, in run
    self.setup_profile(profile_name)
  File "C:\Users\maste\AppData\Local\Programs\Python\Python311\Lib\site-packages\dbt\task\init.py", line 262, in setup_profile
    self.create_profile_from_target(adapter, profile_name=profile_name)
  File "C:\Users\maste\AppData\Local\Programs\Python\Python311\Lib\site-packages\dbt\task\init.py", line 179, in create_profile_from_target
    self.create_profile_from_profile_template(profile_template, profile_name)
  File "C:\Users\maste\AppData\Local\Programs\Python\Python311\Lib\site-packages\dbt\task\init.py", line 163, in create_profile_from_profile_template
    target = self.generate_target_from_input(prompts, initial_target)
             ^^^^^^^^^^^^^^^^^^^^^^^^^^^^^^^^^^^^^^^^^^^^^^^^^^^^^^^^
  File "C:\Users\maste\AppData\Local\Programs\Python\Python311\Lib\site-packages\dbt\task\init.py", line 129, in generate_target_from_input
    target[key] = click.prompt(
                  ^^^^^^^^^^^^^
  File "C:\Users\maste\AppData\Local\Programs\Python\Python311\Lib\site-packages\click\termui.py", line 171, in prompt
    value = prompt_func(prompt)
            ^^^^^^^^^^^^^^^^^^^
  File "C:\Users\maste\AppData\Local\Programs\Python\Python311\Lib\site-packages\click\termui.py", line 154, in prompt_func
    raise Abort() from None
click.exceptions.Abort

[0m23:07:53.304902 [debug] [MainThread]: Command `dbt init` failed at 23:07:53.304902 after 302.78 seconds
[0m23:07:53.304902 [debug] [MainThread]: Sending event: {'category': 'dbt', 'action': 'invocation', 'label': 'end', 'context': [<snowplow_tracker.self_describing_json.SelfDescribingJson object at 0x000001D60F10BA10>, <snowplow_tracker.self_describing_json.SelfDescribingJson object at 0x000001D60F10BDD0>, <snowplow_tracker.self_describing_json.SelfDescribingJson object at 0x000001D60EE27790>]}
[0m23:07:53.305902 [debug] [MainThread]: Flushing usage events
[0m23:07:53.541308 [debug] [MainThread]: An error was encountered while trying to flush usage events
[0m23:11:48.292976 [debug] [MainThread]: Sending event: {'category': 'dbt', 'action': 'invocation', 'label': 'start', 'context': [<snowplow_tracker.self_describing_json.SelfDescribingJson object at 0x000002366713BD50>, <snowplow_tracker.self_describing_json.SelfDescribingJson object at 0x0000023666047450>, <snowplow_tracker.self_describing_json.SelfDescribingJson object at 0x000002366713A710>]}


============================== 23:11:48.300994 | 8001e21d-9d4a-48dc-9a52-fcae5c180443 ==============================
[0m23:11:48.300994 [info ] [MainThread]: Running with dbt=1.11.11
[0m23:11:48.301992 [debug] [MainThread]: running dbt with arguments {'version_check': 'True', 'no_print': 'None', 'static_parser': 'True', 'warn_error_options': 'WarnErrorOptionsV2(error=[], warn=[], silence=[])', 'target_path': 'None', 'printer_width': '80', 'write_json': 'True', 'empty': 'None', 'log_cache_events': 'False', 'introspect': 'True', 'cache_selected_only': 'False', 'fail_fast': 'False', 'debug': 'False', 'log_format': 'default', 'profiles_dir': 'C:\\Users\\maste\\.dbt', 'send_anonymous_usage_stats': 'True', 'quiet': 'False', 'warn_error': 'None', 'partial_parse': 'True', 'indirect_selection': 'eager', 'use_colors': 'True', 'invocation_command': 'dbt init blushmetrics_dbt', 'use_experimental_parser': 'False', 'log_path': 'logs'}
[0m23:11:48.358759 [info ] [MainThread]: A project called blushmetrics_dbt already exists here.
[0m23:11:48.361371 [debug] [MainThread]: Command `dbt init` succeeded at 23:11:48.361371 after 0.28 seconds
[0m23:11:48.362380 [debug] [MainThread]: Sending event: {'category': 'dbt', 'action': 'invocation', 'label': 'end', 'context': [<snowplow_tracker.self_describing_json.SelfDescribingJson object at 0x00000236670D6F50>, <snowplow_tracker.self_describing_json.SelfDescribingJson object at 0x000002365F3301D0>, <snowplow_tracker.self_describing_json.SelfDescribingJson object at 0x000002365F330190>]}
[0m23:11:48.363380 [debug] [MainThread]: Flushing usage events
[0m23:11:48.608072 [debug] [MainThread]: An error was encountered while trying to flush usage events
[0m23:13:33.477626 [debug] [MainThread]: Sending event: {'category': 'dbt', 'action': 'invocation', 'label': 'start', 'context': [<snowplow_tracker.self_describing_json.SelfDescribingJson object at 0x000001FB62C2BE90>, <snowplow_tracker.self_describing_json.SelfDescribingJson object at 0x000001FB61C2D890>, <snowplow_tracker.self_describing_json.SelfDescribingJson object at 0x000001FB618E5610>]}


============================== 23:13:33.483624 | 3cd63af4-23ab-4dcd-b5a5-35d7584d3c96 ==============================
[0m23:13:33.483624 [info ] [MainThread]: Running with dbt=1.11.11
[0m23:13:33.483624 [debug] [MainThread]: running dbt with arguments {'static_parser': 'True', 'no_print': 'None', 'version_check': 'True', 'warn_error_options': 'WarnErrorOptionsV2(error=[], warn=[], silence=[])', 'target_path': 'None', 'printer_width': '80', 'write_json': 'True', 'empty': 'None', 'log_cache_events': 'False', 'introspect': 'True', 'cache_selected_only': 'False', 'log_format': 'default', 'debug': 'False', 'fail_fast': 'False', 'profiles_dir': 'C:\\Users\\maste\\.dbt', 'send_anonymous_usage_stats': 'True', 'quiet': 'False', 'warn_error': 'None', 'partial_parse': 'True', 'invocation_command': 'dbt init blushmetrics_dbt', 'use_colors': 'True', 'indirect_selection': 'eager', 'use_experimental_parser': 'False', 'log_path': 'logs'}
[0m23:13:33.514537 [debug] [MainThread]: Starter project path: C:\Users\maste\Documents\dev\blushmetrics\venv\Lib\site-packages\dbt\include\starter_project
[0m23:13:33.601934 [info ] [MainThread]: 
Your new dbt project "blushmetrics_dbt" was created!

For more information on how to configure the profiles.yml file,
please consult the dbt documentation here:

  https://docs.getdbt.com/docs/configure-your-profile

One more thing:

Need help? Don't hesitate to reach out to us via GitHub issues or on Slack:

  https://community.getdbt.com/

Happy modeling!

[0m23:13:33.601934 [info ] [MainThread]: Setting up your profile.
[0m23:16:02.183362 [info ] [MainThread]: Profile blushmetrics_dbt written to C:\Users\maste\.dbt\profiles.yml using target's profile_template.yml and your supplied values. Run 'dbt debug' to validate the connection.
[0m23:16:02.185577 [debug] [MainThread]: Command `dbt init` succeeded at 23:16:02.185577 after 148.83 seconds
[0m23:16:02.185577 [debug] [MainThread]: Sending event: {'category': 'dbt', 'action': 'invocation', 'label': 'end', 'context': [<snowplow_tracker.self_describing_json.SelfDescribingJson object at 0x000001FB62C764D0>, <snowplow_tracker.self_describing_json.SelfDescribingJson object at 0x000001FB5AE316D0>, <snowplow_tracker.self_describing_json.SelfDescribingJson object at 0x000001FB5AE79710>]}
[0m23:16:02.186630 [debug] [MainThread]: Flushing usage events
[0m23:16:02.717364 [debug] [MainThread]: An error was encountered while trying to flush usage events
[0m23:16:14.676073 [debug] [MainThread]: Sending event: {'category': 'dbt', 'action': 'invocation', 'label': 'start', 'context': [<snowplow_tracker.self_describing_json.SelfDescribingJson object at 0x00000225A2032ED0>, <snowplow_tracker.self_describing_json.SelfDescribingJson object at 0x00000225A21F6890>, <snowplow_tracker.self_describing_json.SelfDescribingJson object at 0x00000225A32ACB90>]}


============================== 23:16:14.689850 | 7c3349c1-0276-467e-a6e8-0b231987dd14 ==============================
[0m23:16:14.689850 [info ] [MainThread]: Running with dbt=1.11.11
[0m23:16:14.690867 [debug] [MainThread]: running dbt with arguments {'version_check': 'True', 'no_print': 'None', 'static_parser': 'True', 'target_path': 'None', 'warn_error_options': 'WarnErrorOptionsV2(error=[], warn=[], silence=[])', 'printer_width': '80', 'write_json': 'True', 'empty': 'None', 'log_cache_events': 'False', 'introspect': 'True', 'cache_selected_only': 'False', 'fail_fast': 'False', 'debug': 'False', 'log_format': 'default', 'profiles_dir': 'C:\\Users\\maste\\.dbt', 'send_anonymous_usage_stats': 'True', 'quiet': 'False', 'warn_error': 'None', 'partial_parse': 'True', 'use_colors': 'True', 'indirect_selection': 'eager', 'invocation_command': 'dbt debug', 'use_experimental_parser': 'False', 'log_path': 'logs'}
[0m23:16:14.743240 [info ] [MainThread]: dbt version: 1.11.11
[0m23:16:14.745293 [info ] [MainThread]: python version: 3.11.4
[0m23:16:14.745293 [info ] [MainThread]: python path: C:\Users\maste\Documents\dev\blushmetrics\venv\Scripts\python.exe
[0m23:16:14.746306 [info ] [MainThread]: os info: Windows-10-10.0.26200-SP0
[0m23:16:16.893839 [info ] [MainThread]: Using profiles dir at C:\Users\maste\.dbt
[0m23:16:16.895413 [info ] [MainThread]: Using profiles.yml file at C:\Users\maste\.dbt\profiles.yml
[0m23:16:16.896416 [info ] [MainThread]: Using dbt_project.yml file at C:\Users\maste\Documents\dev\blushmetrics\dbt_project.yml
[0m23:16:16.896416 [error] [MainThread]: Encountered an error:
Internal Error
  Profile should not be None if loading profile completed
[0m23:16:16.898500 [debug] [MainThread]: Command `dbt debug` failed at 23:16:16.898500 after 2.45 seconds
[0m23:16:16.898500 [debug] [MainThread]: Sending event: {'category': 'dbt', 'action': 'invocation', 'label': 'end', 'context': [<snowplow_tracker.self_describing_json.SelfDescribingJson object at 0x000002259B480210>, <snowplow_tracker.self_describing_json.SelfDescribingJson object at 0x00000225A32DA690>, <snowplow_tracker.self_describing_json.SelfDescribingJson object at 0x00000225A2032F90>]}
[0m23:16:16.899511 [debug] [MainThread]: Flushing usage events
[0m23:16:17.029564 [debug] [MainThread]: An error was encountered while trying to flush usage events
[0m23:28:14.438963 [debug] [MainThread]: Sending event: {'category': 'dbt', 'action': 'invocation', 'label': 'start', 'context': [<snowplow_tracker.self_describing_json.SelfDescribingJson object at 0x000001B613374290>, <snowplow_tracker.self_describing_json.SelfDescribingJson object at 0x000001B613374A90>, <snowplow_tracker.self_describing_json.SelfDescribingJson object at 0x000001B61342DB10>]}


============================== 23:28:14.443359 | 3a0e0716-b359-459a-bb62-20696d158d3b ==============================
[0m23:28:14.443359 [info ] [MainThread]: Running with dbt=1.11.11
[0m23:28:14.445448 [debug] [MainThread]: running dbt with arguments {'static_parser': 'True', 'no_print': 'None', 'version_check': 'True', 'warn_error_options': 'WarnErrorOptionsV2(error=[], warn=[], silence=[])', 'target_path': 'None', 'printer_width': '80', 'write_json': 'True', 'introspect': 'True', 'log_cache_events': 'False', 'empty': 'None', 'cache_selected_only': 'False', 'log_format': 'default', 'debug': 'False', 'fail_fast': 'False', 'partial_parse': 'True', 'send_anonymous_usage_stats': 'True', 'quiet': 'False', 'warn_error': 'None', 'profiles_dir': 'C:\\Users\\maste\\.dbt', 'use_colors': 'True', 'indirect_selection': 'eager', 'invocation_command': 'dbt debug', 'use_experimental_parser': 'False', 'log_path': 'logs'}
[0m23:28:14.477540 [info ] [MainThread]: dbt version: 1.11.11
[0m23:28:14.478529 [info ] [MainThread]: python version: 3.11.4
[0m23:28:14.478529 [info ] [MainThread]: python path: C:\Users\maste\Documents\dev\blushmetrics\venv\Scripts\python.exe
[0m23:28:14.479591 [info ] [MainThread]: os info: Windows-10-10.0.26200-SP0
[0m23:28:17.069895 [info ] [MainThread]: Using profiles dir at C:\Users\maste\.dbt
[0m23:28:17.070903 [info ] [MainThread]: Using profiles.yml file at C:\Users\maste\.dbt\profiles.yml
[0m23:28:17.071880 [info ] [MainThread]: Using dbt_project.yml file at C:\Users\maste\Documents\dev\blushmetrics\dbt_project.yml
[0m23:28:17.072901 [error] [MainThread]: Encountered an error:
Internal Error
  Profile should not be None if loading profile completed
[0m23:28:17.074677 [debug] [MainThread]: Command `dbt debug` failed at 23:28:17.072901 after 2.76 seconds
[0m23:28:17.074677 [debug] [MainThread]: Sending event: {'category': 'dbt', 'action': 'invocation', 'label': 'end', 'context': [<snowplow_tracker.self_describing_json.SelfDescribingJson object at 0x000001B60C5C0210>, <snowplow_tracker.self_describing_json.SelfDescribingJson object at 0x000001B61446A5D0>, <snowplow_tracker.self_describing_json.SelfDescribingJson object at 0x000001B60C89F0D0>]}
[0m23:28:17.074677 [debug] [MainThread]: Flushing usage events
[0m23:28:17.349851 [debug] [MainThread]: An error was encountered while trying to flush usage events
[0m23:30:02.257468 [debug] [MainThread]: Sending event: {'category': 'dbt', 'action': 'invocation', 'label': 'start', 'context': [<snowplow_tracker.self_describing_json.SelfDescribingJson object at 0x0000018D2450C4D0>, <snowplow_tracker.self_describing_json.SelfDescribingJson object at 0x0000018D2450C210>, <snowplow_tracker.self_describing_json.SelfDescribingJson object at 0x0000018D2450C090>]}


============================== 23:30:02.262204 | a78eda2e-0155-44a1-bb24-12cbab2a2fe5 ==============================
[0m23:30:02.262204 [info ] [MainThread]: Running with dbt=1.11.11
[0m23:30:02.263278 [debug] [MainThread]: running dbt with arguments {'static_parser': 'True', 'no_print': 'None', 'version_check': 'True', 'warn_error_options': 'WarnErrorOptionsV2(error=[], warn=[], silence=[])', 'target_path': 'None', 'printer_width': '80', 'write_json': 'True', 'introspect': 'True', 'log_cache_events': 'False', 'empty': 'None', 'cache_selected_only': 'False', 'log_format': 'default', 'debug': 'False', 'fail_fast': 'False', 'partial_parse': 'True', 'send_anonymous_usage_stats': 'True', 'quiet': 'False', 'warn_error': 'None', 'profiles_dir': 'C:\\Users\\maste\\.dbt', 'indirect_selection': 'eager', 'invocation_command': 'dbt debug --profiles-dir C:\\Users\\maste\\.dbt', 'use_colors': 'True', 'use_experimental_parser': 'False', 'log_path': 'logs'}
[0m23:30:02.290074 [info ] [MainThread]: dbt version: 1.11.11
[0m23:30:02.291074 [info ] [MainThread]: python version: 3.11.4
[0m23:30:02.291074 [info ] [MainThread]: python path: C:\Users\maste\Documents\dev\blushmetrics\venv\Scripts\python.exe
[0m23:30:02.292155 [info ] [MainThread]: os info: Windows-10-10.0.26200-SP0
[0m23:30:03.513313 [info ] [MainThread]: Using profiles dir at C:\Users\maste\.dbt
[0m23:30:03.514829 [info ] [MainThread]: Using profiles.yml file at C:\Users\maste\.dbt\profiles.yml
[0m23:30:03.515359 [info ] [MainThread]: Using dbt_project.yml file at C:\Users\maste\Documents\dev\blushmetrics\dbt_project.yml
[0m23:30:03.516373 [error] [MainThread]: Encountered an error:
Internal Error
  Profile should not be None if loading profile completed
[0m23:30:03.517843 [debug] [MainThread]: Command `dbt debug` failed at 23:30:03.516373 after 1.37 seconds
[0m23:30:03.517843 [debug] [MainThread]: Sending event: {'category': 'dbt', 'action': 'invocation', 'label': 'end', 'context': [<snowplow_tracker.self_describing_json.SelfDescribingJson object at 0x0000018D1D670210>, <snowplow_tracker.self_describing_json.SelfDescribingJson object at 0x0000018D2450C150>, <snowplow_tracker.self_describing_json.SelfDescribingJson object at 0x0000018D3691B490>]}
[0m23:30:03.517843 [debug] [MainThread]: Flushing usage events
[0m23:30:03.736799 [debug] [MainThread]: An error was encountered while trying to flush usage events
[0m23:32:31.201339 [debug] [MainThread]: Sending event: {'category': 'dbt', 'action': 'invocation', 'label': 'start', 'context': [<snowplow_tracker.self_describing_json.SelfDescribingJson object at 0x000001A5323BE250>, <snowplow_tracker.self_describing_json.SelfDescribingJson object at 0x000001A5333F7850>, <snowplow_tracker.self_describing_json.SelfDescribingJson object at 0x000001A532310590>]}


============================== 23:32:31.210863 | 1b26c4a5-d48c-4658-8159-2584a2b2c221 ==============================
[0m23:32:31.210863 [info ] [MainThread]: Running with dbt=1.11.6
[0m23:32:31.211865 [debug] [MainThread]: running dbt with arguments {'version_check': 'True', 'no_print': 'None', 'static_parser': 'True', 'warn_error_options': 'WarnErrorOptionsV2(error=[], warn=[], silence=[])', 'target_path': 'None', 'printer_width': '80', 'write_json': 'True', 'introspect': 'True', 'log_cache_events': 'False', 'empty': 'None', 'cache_selected_only': 'False', 'fail_fast': 'False', 'debug': 'False', 'log_format': 'default', 'profiles_dir': 'C:\\Users\\maste\\.dbt', 'send_anonymous_usage_stats': 'True', 'quiet': 'False', 'warn_error': 'None', 'partial_parse': 'True', 'use_colors': 'True', 'invocation_command': 'dbt debug', 'indirect_selection': 'eager', 'use_experimental_parser': 'False', 'log_path': 'logs'}
[0m23:32:31.232746 [info ] [MainThread]: dbt version: 1.11.6
[0m23:32:31.232746 [info ] [MainThread]: python version: 3.11.4
[0m23:32:31.233745 [info ] [MainThread]: python path: C:\Users\maste\Documents\dev\blushmetrics\venv\Scripts\python.exe
[0m23:32:31.234753 [info ] [MainThread]: os info: Windows-10-10.0.26200-SP0
[0m23:32:32.462052 [info ] [MainThread]: Using profiles dir at C:\Users\maste\.dbt
[0m23:32:32.463059 [info ] [MainThread]: Using profiles.yml file at C:\Users\maste\.dbt\profiles.yml
[0m23:32:32.463059 [info ] [MainThread]: Using dbt_project.yml file at C:\Users\maste\Documents\dev\blushmetrics\dbt_project.yml
[0m23:32:32.464563 [error] [MainThread]: Encountered an error:
Internal Error
  Profile should not be None if loading profile completed
[0m23:32:32.465638 [debug] [MainThread]: Command `dbt debug` failed at 23:32:32.465638 after 1.36 seconds
[0m23:32:32.465638 [debug] [MainThread]: Sending event: {'category': 'dbt', 'action': 'invocation', 'label': 'end', 'context': [<snowplow_tracker.self_describing_json.SelfDescribingJson object at 0x000001A52B5F0210>, <snowplow_tracker.self_describing_json.SelfDescribingJson object at 0x000001A5323C4D10>, <snowplow_tracker.self_describing_json.SelfDescribingJson object at 0x000001A530FDCFD0>]}
[0m23:32:32.465638 [debug] [MainThread]: Flushing usage events
[0m23:32:32.693125 [debug] [MainThread]: An error was encountered while trying to flush usage events
[0m17:32:09.874995 [debug] [MainThread]: Sending event: {'category': 'dbt', 'action': 'invocation', 'label': 'start', 'context': [<snowplow_tracker.self_describing_json.SelfDescribingJson object at 0x0000025E1196B5D0>, <snowplow_tracker.self_describing_json.SelfDescribingJson object at 0x0000025E11938790>, <snowplow_tracker.self_describing_json.SelfDescribingJson object at 0x0000025E11938D90>]}


============================== 17:32:09.882969 | 43b0f597-ee53-45cd-8a86-bb0bea9f2ba1 ==============================
[0m17:32:09.882969 [info ] [MainThread]: Running with dbt=1.11.6
[0m17:32:09.883963 [debug] [MainThread]: running dbt with arguments {'version_check': 'True', 'no_print': 'None', 'static_parser': 'True', 'target_path': 'None', 'warn_error_options': 'WarnErrorOptionsV2(error=[], warn=[], silence=[])', 'printer_width': '80', 'write_json': 'True', 'empty': 'None', 'log_cache_events': 'False', 'introspect': 'True', 'cache_selected_only': 'False', 'fail_fast': 'False', 'debug': 'False', 'log_format': 'default', 'profiles_dir': 'C:\\Users\\maste\\.dbt', 'send_anonymous_usage_stats': 'True', 'quiet': 'False', 'warn_error': 'None', 'partial_parse': 'True', 'indirect_selection': 'eager', 'invocation_command': 'dbt debug --log-level debug', 'use_colors': 'True', 'use_experimental_parser': 'False', 'log_path': 'logs'}
[0m17:32:09.925291 [info ] [MainThread]: dbt version: 1.11.6
[0m17:32:09.925291 [info ] [MainThread]: python version: 3.11.4
[0m17:32:09.926293 [info ] [MainThread]: python path: C:\Users\maste\Documents\dev\blushmetrics\venv\Scripts\python.exe
[0m17:32:09.927306 [info ] [MainThread]: os info: Windows-10-10.0.26200-SP0
[0m17:32:16.821754 [info ] [MainThread]: Using profiles dir at C:\Users\maste\.dbt
[0m17:32:16.822716 [info ] [MainThread]: Using profiles.yml file at C:\Users\maste\.dbt\profiles.yml
[0m17:32:16.823717 [info ] [MainThread]: Using dbt_project.yml file at C:\Users\maste\Documents\dev\blushmetrics\dbt_project.yml
[0m17:32:16.824766 [error] [MainThread]: Encountered an error:
Internal Error
  Profile should not be None if loading profile completed
[0m17:32:16.826720 [debug] [MainThread]: Command `dbt debug` failed at 17:32:16.826720 after 7.13 seconds
[0m17:32:16.827715 [debug] [MainThread]: Sending event: {'category': 'dbt', 'action': 'invocation', 'label': 'end', 'context': [<snowplow_tracker.self_describing_json.SelfDescribingJson object at 0x0000025E09B50310>, <snowplow_tracker.self_describing_json.SelfDescribingJson object at 0x0000025E11A20190>, <snowplow_tracker.self_describing_json.SelfDescribingJson object at 0x0000025E1092E490>]}
[0m17:32:16.828718 [debug] [MainThread]: Flushing usage events
[0m17:32:17.059774 [debug] [MainThread]: An error was encountered while trying to flush usage events
[0m17:35:41.770127 [debug] [MainThread]: Sending event: {'category': 'dbt', 'action': 'invocation', 'label': 'start', 'context': [<snowplow_tracker.self_describing_json.SelfDescribingJson object at 0x000002326F8AC790>, <snowplow_tracker.self_describing_json.SelfDescribingJson object at 0x000002326EC45F90>, <snowplow_tracker.self_describing_json.SelfDescribingJson object at 0x000002326F78B5D0>]}


============================== 17:35:41.777126 | f2debe66-b9a6-4d1e-b9b0-4d2854b8137b ==============================
[0m17:35:41.777126 [info ] [MainThread]: Running with dbt=1.8.0
[0m17:35:41.779127 [debug] [MainThread]: running dbt with arguments {'printer_width': '80', 'indirect_selection': 'eager', 'write_json': 'True', 'log_cache_events': 'False', 'partial_parse': 'True', 'cache_selected_only': 'False', 'profiles_dir': 'C:\\Users\\maste\\.dbt', 'version_check': 'True', 'fail_fast': 'False', 'log_path': 'logs', 'debug': 'False', 'warn_error': 'None', 'use_colors': 'True', 'use_experimental_parser': 'False', 'no_print': 'None', 'quiet': 'False', 'log_format': 'default', 'introspect': 'True', 'invocation_command': 'dbt debug', 'static_parser': 'True', 'target_path': 'None', 'warn_error_options': 'WarnErrorOptions(include=[], exclude=[])', 'send_anonymous_usage_stats': 'True'}
[0m17:35:41.808901 [info ] [MainThread]: dbt version: 1.8.0
[0m17:35:41.809900 [info ] [MainThread]: python version: 3.11.4
[0m17:35:41.810900 [info ] [MainThread]: python path: C:\Users\maste\Documents\dev\blushmetrics\venv\Scripts\python.exe
[0m17:35:41.811901 [info ] [MainThread]: os info: Windows-10-10.0.26200-SP0
[0m17:35:51.200359 [info ] [MainThread]: Using profiles dir at C:\Users\maste\.dbt
[0m17:35:51.201339 [info ] [MainThread]: Using profiles.yml file at C:\Users\maste\.dbt\profiles.yml
[0m17:35:51.202613 [info ] [MainThread]: Using dbt_project.yml file at C:\Users\maste\Documents\dev\blushmetrics\dbt_project.yml
[0m17:35:51.203623 [error] [MainThread]: Encountered an error:
Internal Error
  Profile should not be None if loading profile completed
[0m17:35:51.206627 [debug] [MainThread]: Command `dbt debug` failed at 17:35:51.205652 after 9.63 seconds
[0m17:35:51.207628 [debug] [MainThread]: Sending event: {'category': 'dbt', 'action': 'invocation', 'label': 'end', 'context': [<snowplow_tracker.self_describing_json.SelfDescribingJson object at 0x0000023268E102D0>, <snowplow_tracker.self_describing_json.SelfDescribingJson object at 0x0000023201C795D0>, <snowplow_tracker.self_describing_json.SelfDescribingJson object at 0x000002326F8D5A50>]}
[0m17:35:51.208628 [debug] [MainThread]: Flushing usage events
[0m17:37:00.719329 [debug] [MainThread]: Sending event: {'category': 'dbt', 'action': 'invocation', 'label': 'start', 'context': [<snowplow_tracker.self_describing_json.SelfDescribingJson object at 0x00000191D78EC110>, <snowplow_tracker.self_describing_json.SelfDescribingJson object at 0x00000191D7914110>, <snowplow_tracker.self_describing_json.SelfDescribingJson object at 0x00000191D78EC350>]}


============================== 17:37:00.724644 | c401e9d6-383e-4947-ada6-4d9124c6e4cc ==============================
[0m17:37:00.724644 [info ] [MainThread]: Running with dbt=1.8.0
[0m17:37:00.726666 [debug] [MainThread]: running dbt with arguments {'printer_width': '80', 'indirect_selection': 'eager', 'log_cache_events': 'False', 'write_json': 'True', 'partial_parse': 'True', 'cache_selected_only': 'False', 'warn_error': 'None', 'version_check': 'True', 'debug': 'False', 'log_path': 'logs', 'profiles_dir': 'C:\\Users\\maste\\.dbt', 'fail_fast': 'False', 'use_colors': 'True', 'use_experimental_parser': 'False', 'no_print': 'None', 'quiet': 'False', 'warn_error_options': 'WarnErrorOptions(include=[], exclude=[])', 'static_parser': 'True', 'log_format': 'default', 'introspect': 'True', 'target_path': 'None', 'invocation_command': 'dbt debug --profile blushmetrics_dbt', 'send_anonymous_usage_stats': 'True'}
[0m17:37:00.749914 [info ] [MainThread]: dbt version: 1.8.0
[0m17:37:00.750908 [info ] [MainThread]: python version: 3.11.4
[0m17:37:00.752178 [info ] [MainThread]: python path: C:\Users\maste\Documents\dev\blushmetrics\venv\Scripts\python.exe
[0m17:37:00.753184 [info ] [MainThread]: os info: Windows-10-10.0.26200-SP0
[0m17:37:02.125804 [info ] [MainThread]: Using profiles dir at C:\Users\maste\.dbt
[0m17:37:02.126798 [info ] [MainThread]: Using profiles.yml file at C:\Users\maste\.dbt\profiles.yml
[0m17:37:02.127896 [info ] [MainThread]: Using dbt_project.yml file at C:\Users\maste\Documents\dev\blushmetrics\dbt_project.yml
[0m17:37:02.128804 [info ] [MainThread]: adapter type: bigquery
[0m17:37:02.129808 [info ] [MainThread]: adapter version: 1.8.0
[0m17:37:02.129808 [info ] [MainThread]: Configuration:
[0m17:37:02.131095 [info ] [MainThread]:   profiles.yml file [[32mOK found and valid[0m]
[0m17:37:02.132104 [info ] [MainThread]:   dbt_project.yml file [[31mERROR not found[0m]
[0m17:37:02.132104 [info ] [MainThread]: Required dependencies:
[0m17:37:02.134110 [debug] [MainThread]: Executing "git --help"
[0m17:37:02.234714 [debug] [MainThread]: STDOUT: "b"usage: git [-v | --version] [-h | --help] [-C <path>] [-c <name>=<value>]\n           [--exec-path[=<path>]] [--html-path] [--man-path] [--info-path]\n           [-p | --paginate | -P | --no-pager] [--no-replace-objects] [--bare]\n           [--git-dir=<path>] [--work-tree=<path>] [--namespace=<name>]\n           [--super-prefix=<path>] [--config-env=<name>=<envvar>]\n           <command> [<args>]\n\nThese are common Git commands used in various situations:\n\nstart a working area (see also: git help tutorial)\n   clone     Clone a repository into a new directory\n   init      Create an empty Git repository or reinitialize an existing one\n\nwork on the current change (see also: git help everyday)\n   add       Add file contents to the index\n   mv        Move or rename a file, a directory, or a symlink\n   restore   Restore working tree files\n   rm        Remove files from the working tree and from the index\n\nexamine the history and state (see also: git help revisions)\n   bisect    Use binary search to find the commit that introduced a bug\n   diff      Show changes between commits, commit and working tree, etc\n   grep      Print lines matching a pattern\n   log       Show commit logs\n   show      Show various types of objects\n   status    Show the working tree status\n\ngrow, mark and tweak your common history\n   branch    List, create, or delete branches\n   commit    Record changes to the repository\n   merge     Join two or more development histories together\n   rebase    Reapply commits on top of another base tip\n   reset     Reset current HEAD to the specified state\n   switch    Switch branches\n   tag       Create, list, delete or verify a tag object signed with GPG\n\ncollaborate (see also: git help workflows)\n   fetch     Download objects and refs from another repository\n   pull      Fetch from and integrate with another repository or a local branch\n   push      Update remote refs along with associated objects\n\n'git help -a' and 'git help -g' list available subcommands and some\nconcept guides. See 'git help <command>' or 'git help <concept>'\nto read about a specific subcommand or concept.\nSee 'git help git' for an overview of the system.\n""
[0m17:37:02.235714 [debug] [MainThread]: STDERR: "b''"
[0m17:37:02.236714 [info ] [MainThread]:  - git [[32mOK found[0m]

[0m17:37:02.237749 [info ] [MainThread]: Connection:
[0m17:37:02.238991 [info ] [MainThread]:   method: oauth
[0m17:37:02.238991 [info ] [MainThread]:   database: project-4a015a49-6bde-48f1-a3c
[0m17:37:02.240041 [info ] [MainThread]:   execution_project: project-4a015a49-6bde-48f1-a3c
[0m17:37:02.240999 [info ] [MainThread]:   schema: blushmetrics_raw
[0m17:37:02.242024 [info ] [MainThread]:   location: US
[0m17:37:02.242024 [info ] [MainThread]:   priority: interactive
[0m17:37:02.243044 [info ] [MainThread]:   maximum_bytes_billed: None
[0m17:37:02.243044 [info ] [MainThread]:   impersonate_service_account: None
[0m17:37:02.244335 [info ] [MainThread]:   job_retry_deadline_seconds: None
[0m17:37:02.245349 [info ] [MainThread]:   job_retries: 1
[0m17:37:02.245349 [info ] [MainThread]:   job_creation_timeout_seconds: None
[0m17:37:02.246598 [info ] [MainThread]:   job_execution_timeout_seconds: 300
[0m17:37:02.246598 [info ] [MainThread]:   timeout_seconds: 300
[0m17:37:02.247608 [info ] [MainThread]:   client_id: None
[0m17:37:02.247608 [info ] [MainThread]:   token_uri: None
[0m17:37:02.248605 [info ] [MainThread]:   dataproc_region: None
[0m17:37:02.249603 [info ] [MainThread]:   dataproc_cluster_name: None
[0m17:37:02.249603 [info ] [MainThread]:   gcs_bucket: None
[0m17:37:02.249603 [info ] [MainThread]:   dataproc_batch: None
[0m17:37:02.251978 [info ] [MainThread]: Registered adapter: bigquery=1.8.0
[0m17:37:02.755782 [debug] [MainThread]: Acquiring new bigquery connection 'debug'
[0m17:37:02.756791 [debug] [MainThread]: Opening a new connection, currently in state init
[0m17:37:04.446902 [debug] [MainThread]: On debug: select 1 as id
[0m17:37:05.182622 [debug] [MainThread]: BigQuery adapter: https://console.cloud.google.com/bigquery?project=project-4a015a49-6bde-48f1-a3c&j=bq:US:9f615a32-c58a-4823-9a34-e8b66a517027&page=queryresults
[0m17:37:05.795599 [info ] [MainThread]:   Connection test: [[32mOK connection ok[0m]

[0m17:37:05.797597 [info ] [MainThread]: [31m1 check failed:[0m
[0m17:37:05.800789 [info ] [MainThread]: Project loading failed for the following reason:
 project path <C:\Users\maste\Documents\dev\blushmetrics\dbt_project.yml> not found

[0m17:37:05.804789 [debug] [MainThread]: Command `dbt debug` failed at 17:37:05.803795 after 5.22 seconds
[0m17:37:05.805790 [debug] [MainThread]: Connection 'debug' was properly closed.
[0m17:37:05.806794 [debug] [MainThread]: Sending event: {'category': 'dbt', 'action': 'invocation', 'label': 'end', 'context': [<snowplow_tracker.self_describing_json.SelfDescribingJson object at 0x00000191D0EF01D0>, <snowplow_tracker.self_describing_json.SelfDescribingJson object at 0x00000191D7915550>, <snowplow_tracker.self_describing_json.SelfDescribingJson object at 0x00000191E9C71050>]}
[0m17:37:05.808792 [debug] [MainThread]: Flushing usage events
[0m22:19:12.006398 [debug] [MainThread]: Sending event: {'category': 'dbt', 'action': 'invocation', 'label': 'start', 'context': [<snowplow_tracker.self_describing_json.SelfDescribingJson object at 0x000001402C5D1E90>, <snowplow_tracker.self_describing_json.SelfDescribingJson object at 0x000001402C61BD50>, <snowplow_tracker.self_describing_json.SelfDescribingJson object at 0x000001402C5D2690>]}


============================== 22:19:12.012509 | 875aa8d1-4b61-442e-96c7-5d492b84e4ce ==============================
[0m22:19:12.012509 [info ] [MainThread]: Running with dbt=1.8.0
[0m22:19:12.013416 [debug] [MainThread]: running dbt with arguments {'printer_width': '80', 'indirect_selection': 'eager', 'log_cache_events': 'False', 'write_json': 'True', 'partial_parse': 'True', 'cache_selected_only': 'False', 'profiles_dir': 'C:\\Users\\maste\\.dbt', 'fail_fast': 'False', 'warn_error': 'None', 'log_path': 'logs', 'debug': 'False', 'version_check': 'True', 'use_colors': 'True', 'use_experimental_parser': 'False', 'no_print': 'None', 'quiet': 'False', 'warn_error_options': 'WarnErrorOptions(include=[], exclude=[])', 'introspect': 'True', 'invocation_command': 'dbt build --select int_google_tends_unpivoted', 'log_format': 'default', 'target_path': 'None', 'static_parser': 'True', 'send_anonymous_usage_stats': 'True'}
[0m22:19:12.014416 [error] [MainThread]: Encountered an error:
Runtime Error
  No dbt_project.yml found at expected path C:\Users\maste\Documents\dev\blushmetrics\dbt_project.yml
  Verify that each entry within packages.yml (and their transitive dependencies) contains a file named dbt_project.yml
  
[0m22:19:12.015442 [debug] [MainThread]: Command `dbt build` failed at 22:19:12.015442 after 0.15 seconds
[0m22:19:12.016496 [debug] [MainThread]: Sending event: {'category': 'dbt', 'action': 'invocation', 'label': 'end', 'context': [<snowplow_tracker.self_describing_json.SelfDescribingJson object at 0x0000014025B50750>, <snowplow_tracker.self_describing_json.SelfDescribingJson object at 0x000001402C528510>, <snowplow_tracker.self_describing_json.SelfDescribingJson object at 0x000001402C643F90>]}
[0m22:19:12.016496 [debug] [MainThread]: Flushing usage events
